<?xml version="1.0" encoding="UTF-8"?>
<TestRun id="9716be6c-25b2-45a0-8151-e0c3b74becef" name="SLAVI@SLAVI-PC 2014-03-04 17:25:27" runUser="SLAVI-PC\SLAVI" xmlns="http://microsoft.com/schemas/VisualStudio/TeamTest/2010">
  <TestSettings name="Local" id="d28892ec-565e-4334-ab65-45c144d4e422">
    <Description>These are default test settings for a local test run.</Description>
    <Deployment enabled="false" runDeploymentRoot="SLAVI_SLAVI-PC 2014-03-04 17_25_27">
      <DeploymentItem filename="D:\CSharp-course\repo\1300ruc\Lecture13\demos\BinaryTree\BinaryTree\bin\Debug\BinaryTree.exe" />
    </Deployment>
    <Execution>
      <TestTypeSpecific />
      <AgentRule name="Execution Agents">
      </AgentRule>
    </Execution>
  </TestSettings>
  <Times creation="2014-03-04T17:25:27.1395903+02:00" queuing="2014-03-04T17:25:27.7626259+02:00" start="2014-03-04T17:25:30.6317900+02:00" finish="2014-03-04T17:25:38.9712670+02:00" />
  <ResultSummary outcome="Completed">
    <Counters total="1" executed="1" passed="1" error="0" failed="0" timeout="0" aborted="0" inconclusive="0" passedButRunAborted="0" notRunnable="0" notExecuted="0" disconnected="0" warning="0" completed="0" inProgress="0" pending="0" />
  </ResultSummary>
  <TestDefinitions>
    <UnitTest name="TraverseInorderTest" storage="d:\csharp-course\repo\1300ruc\lecture13\demos\binarytree\binarytreetests\bin\debug\binarytreetests.dll" id="fa1f1bd7-7ca4-3c54-6d93-e128607ee590">
      <Execution id="48f9a934-03e7-4393-a39d-2bb99e1c9b83" />
      <TestMethod codeBase="D:/CSharp-course/repo/1300ruc/Lecture13/demos/BinaryTree/BinaryTreeTests/bin/Debug/BinaryTreeTests.DLL" adapterTypeName="Microsoft.VisualStudio.TestTools.TestTypes.Unit.UnitTestAdapter, Microsoft.VisualStudio.QualityTools.Tips.UnitTest.Adapter, Version=10.0.0.0, Culture=neutral, PublicKeyToken=b03f5f7f11d50a3a" className="BinarySearchTreeTest.BinarySearchTreeTest, BinaryTreeTests, Version=1.0.0.0, Culture=neutral, PublicKeyToken=null" name="TraverseInorderTest" />
    </UnitTest>
  </TestDefinitions>
  <TestLists>
    <TestList name="Results Not in a List" id="8c84fa94-04c1-424b-9868-57a2d4851a1d" />
    <TestList name="All Loaded Results" id="19431567-8539-422a-85d7-44ee4e166bda" />
  </TestLists>
  <TestEntries>
    <TestEntry testId="fa1f1bd7-7ca4-3c54-6d93-e128607ee590" executionId="48f9a934-03e7-4393-a39d-2bb99e1c9b83" testListId="8c84fa94-04c1-424b-9868-57a2d4851a1d" />
  </TestEntries>
  <Results>
    <UnitTestResult executionId="48f9a934-03e7-4393-a39d-2bb99e1c9b83" testId="fa1f1bd7-7ca4-3c54-6d93-e128607ee590" testName="TraverseInorderTest" computerName="SLAVI-PC" duration="00:00:00.2655038" startTime="2014-03-04T17:25:31.5538427+02:00" endTime="2014-03-04T17:25:37.6261901+02:00" testType="13cdc9d9-ddb5-4fa4-a97d-d965ccfc6d4b" outcome="Passed" testListId="8c84fa94-04c1-424b-9868-57a2d4851a1d" relativeResultsDirectory="48f9a934-03e7-4393-a39d-2bb99e1c9b83">
    </UnitTestResult>
  </Results>
</TestRun>